// Jest Snapshot v1, https://goo.gl/fbAQLP

exports[`matches snapshot 1`] = `
<DocumentFragment>
  <div
    class="my-4"
  >
    <form
      class="d-flex justify-content-center"
    >
      <div>
        <input
          class="form-control"
          name="searchQuery"
          placeholder="test"
          type="search"
          value=""
        />
      </div>
      <button
        class="btn btn-tertiary mx-2"
      >
        Search
      </button>
    </form>
  </div>
</DocumentFragment>
`;
